fips202.c:73:13:KeccakF1600_StatePermute	144	static
fips202.c:395:13:keccak_squeezeblocks	48	static
fips202.c:417:13:keccak_inc_init	8	static
fips202.c:440:13:keccak_inc_absorb	48	static
fips202.c:477:13:keccak_inc_finalize	8	static
fips202.c:498:13:keccak_inc_squeeze	40	static
fips202.c:349:13:keccak_absorb	288	static
fips202.c:525:6:shake128_inc_init	16	static
fips202.c:533:6:shake128_inc_absorb	8	static
fips202.c:537:6:shake128_inc_finalize	8	static
fips202.c:541:6:shake128_inc_squeeze	8	static
fips202.c:545:6:shake128_inc_ctx_clone	32	static
fips202.c:553:6:shake128_inc_ctx_release	8	static
fips202.c:557:6:shake256_inc_init	16	static
fips202.c:565:6:shake256_inc_absorb	8	static
fips202.c:569:6:shake256_inc_finalize	8	static
fips202.c:573:6:shake256_inc_squeeze	8	static
fips202.c:577:6:shake256_inc_ctx_clone	32	static
fips202.c:585:6:shake256_inc_ctx_release	8	static
fips202.c:600:6:shake128_absorb	32	static
fips202.c:620:6:shake128_squeezeblocks	8	static
fips202.c:624:6:shake128_ctx_clone	32	static
fips202.c:633:6:shake128_ctx_release	8	static
fips202.c:648:6:shake256_absorb	32	static
fips202.c:668:6:shake256_squeezeblocks	8	static
fips202.c:672:6:shake256_ctx_clone	32	static
fips202.c:681:6:shake256_ctx_release	8	static
fips202.c:695:6:shake128	240	static
fips202.c:726:6:shake256	208	static
fips202.c:747:6:sha3_256_inc_init	16	static
fips202.c:755:6:sha3_256_inc_ctx_clone	32	static
fips202.c:763:6:sha3_256_inc_ctx_release	8	static
fips202.c:767:6:sha3_256_inc_absorb	8	static
fips202.c:771:6:sha3_256_inc_finalize	176	static
fips202.c:793:6:sha3_256	384	static
fips202.c:808:6:sha3_384_inc_init	16	static
fips202.c:816:6:sha3_384_inc_ctx_clone	32	static
fips202.c:824:6:sha3_384_inc_absorb	8	static
fips202.c:828:6:sha3_384_inc_ctx_release	8	static
fips202.c:832:6:sha3_384_inc_finalize	144	static
fips202.c:854:6:sha3_384	352	static
fips202.c:869:6:sha3_512_inc_init	16	static
fips202.c:877:6:sha3_512_inc_ctx_clone	32	static
fips202.c:885:6:sha3_512_inc_absorb	8	static
fips202.c:889:6:sha3_512_inc_ctx_release	8	static
fips202.c:893:6:sha3_512_inc_finalize	112	static
fips202.c:915:6:sha3_512	320	static
