test_hqc.c:222:22:dec_select_message	8	static
test_hqc.c:98:22:keygen_generate_seeds	16	static
test_hqc.c:135:22:enc_generate_m_and_salt	16	static
test_hqc.c:104:22:keygen_generate_x_y	32	static
test_hqc.c:146:22:enc_generate_r1_r2_e	32	static
test_hqc.c:114:22:keygen_generate_h	32	static
test_hqc.c:123:22:keygen_compute_s	16	static
test_hqc.c:128:22:keygen_pack_keys	16	static
test_hqc.c:140:22:enc_compute_theta	8	static
test_hqc.c:206:22:dec_rederive_theta	8	static
test_hqc.c:158:22:enc_compute_u	32	static
test_hqc.c:165:22:enc_compute_v	32	static
test_hqc.c:196:22:dec_compute_tmp2_for_decoding	32	static
test_hqc.c:175:22:enc_compute_shared_secret	16	static
test_hqc.c:229:22:dec_finalize_shared_secret	16	static
test_hqc.c:182:22:enc_pack_ciphertext	8	static
test_hqc.c:188:22:dec_unpack_ciphertext	8	static
test_hqc.c:192:22:dec_unpack_secret_key	8	static
test_hqc.c:202:22:dec_decode_message	8	static
test_hqc.c:211:22:dec_reencrypt	8	static
test_hqc.c:215:22:dec_constant_time_check	16	static
test_hqc.c:238:5:main	16	static
